
> arc-clock@0.0.0 build
> tsc -b && vite build

src/App.tsx(17,7): error TS6133: 'F' is declared but its value is never read.
src/components/AlarmsTab.tsx(2,1): error TS6133: 'Alarm' is declared but its value is never read.
src/components/AlarmsTab.tsx(26,19): error TS18047: 'ev.target' is possibly 'null'.
src/components/AlarmsTab.tsx(345,55): error TS7006: Parameter 'x' implicitly has an 'any' type.
src/components/AlarmsTab.tsx(348,61): error TS7006: Parameter 'x' implicitly has an 'any' type.
src/components/ClockTab.tsx(153,20): error TS2304: Cannot find name 'fmtTime'.
src/components/MiniClock.tsx(11,27): error TS2304: Cannot find name 'useState'.
src/components/MiniClock.tsx(12,3): error TS2304: Cannot find name 'useEffect'.
src/components/VoiceRoutineTab.tsx(2,49): error TS6196: 'RoutineItem' is declared but never used.
src/components/VoiceRoutineTab.tsx(586,42): error TS7006: Parameter 'p' implicitly has an 'any' type.
src/components/VoiceRoutineTab.tsx(1007,29): error TS2322: Type '{ id: string; time: string; label: string; active: true; repeat: "once"; }[]' is not assignable to type 'Alarm[]'.
  Type '{ id: string; time: string; label: string; active: true; repeat: "once"; }' is missing the following properties from type 'Alarm': ringtoneName, ringtoneData
src/components/VoiceRoutineTab.tsx(1025,45): error TS6133: 'i' is declared but its value is never read.
