
> arc-clock@0.0.0 build
> tsc -b && vite build

src/App.tsx(1,8): error TS6133: 'React' is declared but its value is never read.
src/components/AppShell.tsx(1,27): error TS6133: 'useEffect' is declared but its value is never read.
src/components/AppShell.tsx(36,24): error TS18046: 'err' is of type 'unknown'.
src/components/AppShell.tsx(36,37): error TS18046: 'err' is of type 'unknown'.
src/components/ClockTab.tsx(1,8): error TS6133: 'React' is declared but its value is never read.
src/components/MiniClock.tsx(1,8): error TS6133: 'React' is declared but its value is never read.
src/services/ai.ts(1,1): error TS6192: All imports in import declaration are unused.
