
--- Test 1: "Wake me up tomorrow at 7am" ---

Γ¥î Test 1 failed:
{
  "success": false,
  "error": "400 {\"type\":\"error\",\"error\":{\"type\":\"invalid_request_error\",\"message\":\"Your credit balance is too low to access the Anthropic API. Please go to Plans & Billing to upgrade or purchase credits.\"},\"request_id\":\"req_011CZCcVdLys1TgfkV6zbJvE\"}"
}

--- Test 2: "Remind me to call mom on Sunday at 5pm" ---

Γ¥î Test 2 failed:
{
  "success": false,
  "error": "400 {\"type\":\"error\",\"error\":{\"type\":\"invalid_request_error\",\"message\":\"Your credit balance is too low to access the Anthropic API. Please go to Plans & Billing to upgrade or purchase credits.\"},\"request_id\":\"req_011CZCcVepnCWwBPATzYQgLT\"}"
}

--- Test 3: "Buy groceries every week on Monday" ---

Γ¥î Test 3 failed:
{
  "success": false,
  "error": "400 {\"type\":\"error\",\"error\":{\"type\":\"invalid_request_error\",\"message\":\"Your credit balance is too low to access the Anthropic API. Please go to Plans & Billing to upgrade or purchase credits.\"},\"request_id\":\"req_011CZCcVgDNmtH1x7ZUbyF7M\"}"
}

--- Test 4: "Set an alarm for 6:30 every morning" ---

Γ¥î Test 4 failed:
{
  "success": false,
  "error": "400 {\"type\":\"error\",\"error\":{\"type\":\"invalid_request_error\",\"message\":\"Your credit balance is too low to access the Anthropic API. Please go to Plans & Billing to upgrade or purchase credits.\"},\"request_id\":\"req_011CZCcVhaUhhx8bGBcSm615\"}"
}
